// Jest Snapshot v1, https://goo.gl/fbAQLP

exports[`<Button /> creates a Button component 1`] = `
<StyledComponent
  forwardedComponent={
    Object {
      "$$typeof": Symbol(react.forward_ref),
      "attrs": Array [
        [Function],
      ],
      "componentStyle": ComponentStyle {
        "componentId": "styles__StyledButton-sc-1u6a504-0",
        "isStatic": false,
        "rules": Array [
          "box-sizing:border-box;min-height:40px;padding:0px 32px;border:none;border-radius:24px;display:inline-flex;justify-content:center;align-items:center;outline:none;color:white;",
          [Function],
          " ",
          [Function],
          " ",
          [Function],
          " ",
          [Function],
          " ",
          [Function],
        ],
      },
      "displayName": "styles__StyledButton",
      "foldedComponentIds": Array [],
      "propTypes": Object {
        "color": [Function],
        "disabled": [Function],
        "type": [Function],
        "variant": [Function],
      },
      "render": [Function],
      "styledComponentId": "styles__StyledButton-sc-1u6a504-0",
      "target": "button",
      "toString": [Function],
      "warnTooManyClasses": [Function],
      "withComponent": [Function],
    }
  }
  forwardedRef={null}
/>
`;
